com\healthcare\aiassistant\payload\openai\OpenAiResponse.class
com\healthcare\aiassistant\payload\openai\OpenAiRequest.class
com\healthcare\aiassistant\model\ERole.class
com\healthcare\aiassistant\model\AppointmentStatus.class
com\healthcare\aiassistant\model\ChatMessage.class
com\healthcare\aiassistant\service\ChatService.class
com\healthcare\aiassistant\controller\ChatController.class
com\healthcare\aiassistant\model\User.class
com\healthcare\aiassistant\repository\RoleRepository.class
META-INF\spring-configuration-metadata.json
com\healthcare\aiassistant\payload\request\AppointmentRequest.class
com\healthcare\aiassistant\payload\openai\OpenAiResponse$Choice.class
com\healthcare\aiassistant\repository\UserRepository.class
com\healthcare\aiassistant\payload\request\SignupRequest.class
com\healthcare\aiassistant\payload\response\JwtResponse.class
com\healthcare\aiassistant\security\jwt\JwtUtils.class
com\healthcare\aiassistant\service\AppointmentService.class
com\healthcare\aiassistant\BackendApplication.class
com\healthcare\aiassistant\controller\AuthController.class
com\healthcare\aiassistant\model\Appointment.class
com\healthcare\aiassistant\security\advice\GlobalExceptionHandler.class
com\healthcare\aiassistant\security\services\UserDetailsImpl.class
com\healthcare\aiassistant\payload\response\MessageResponse.class
com\healthcare\aiassistant\security\jwt\AuthTokenFilter.class
com\healthcare\aiassistant\controller\DoctorController.class
com\healthcare\aiassistant\repository\DoctorRepository.class
com\healthcare\aiassistant\security\config\HealthcareProperties$Jwt.class
com\healthcare\aiassistant\security\services\UserDetailsServiceImpl.class
com\healthcare\aiassistant\util\DataSeeder.class
com\healthcare\aiassistant\payload\request\LoginRequest.class
com\healthcare\aiassistant\service\AiChatService.class
com\healthcare\aiassistant\repository\AppointmentRepository.class
com\healthcare\aiassistant\controller\AppointmentController.class
com\healthcare\aiassistant\payload\request\ChatRequest.class
com\healthcare\aiassistant\model\Doctor.class
com\healthcare\aiassistant\payload\openai\OpenAiMessage.class
com\healthcare\aiassistant\security\WebSecurityConfig.class
com\healthcare\aiassistant\security\config\HealthcareProperties.class
com\healthcare\aiassistant\controller\AdminController.class
com\healthcare\aiassistant\util\UserInspector.class
com\healthcare\aiassistant\security\jwt\AuthEntryPointJwt.class
com\healthcare\aiassistant\repository\ChatMessageRepository.class
com\healthcare\aiassistant\model\Role.class
com\healthcare\aiassistant\security\config\OpenAiProperties.class
