[INFO] Scanning for projects...
[INFO] 
[INFO] --------------------< com.healthcare:ai-assistant >---------------------
[INFO] Building HealthCare AI Assistant 0.0.1-SNAPSHOT
[INFO]   from pom.xml
[INFO] --------------------------------[ jar ]---------------------------------
[INFO] 
[INFO] --- resources:3.3.1:resources (default-resources) @ ai-assistant ---
[INFO] Copying 1 resource from src\main\resources to target\classes
[INFO] Copying 0 resource from src\main\resources to target\classes
[INFO] 
[INFO] --- compiler:3.13.0:compile (default-compile) @ ai-assistant ---
[INFO] Nothing to compile - all classes are up to date.
[INFO] ------------------------------------------------------------------------
[INFO] BUILD SUCCESS
[INFO] ------------------------------------------------------------------------
[INFO] Total time:  4.158 s
[INFO] Finished at: 2026-02-13T15:18:42+05:30
[INFO] ------------------------------------------------------------------------
