C:\Users\admin\OneDrive\Documents\GitHub\Healthcare-Chatbot\backend\src\main\java\com\healthcare\aiassistant\BackendApplication.java
C:\Users\admin\OneDrive\Documents\GitHub\Healthcare-Chatbot\backend\src\main\java\com\healthcare\aiassistant\controller\AdminController.java
C:\Users\admin\OneDrive\Documents\GitHub\Healthcare-Chatbot\backend\src\main\java\com\healthcare\aiassistant\controller\AppointmentController.java
C:\Users\admin\OneDrive\Documents\GitHub\Healthcare-Chatbot\backend\src\main\java\com\healthcare\aiassistant\controller\AuthController.java
C:\Users\admin\OneDrive\Documents\GitHub\Healthcare-Chatbot\backend\src\main\java\com\healthcare\aiassistant\controller\ChatController.java
C:\Users\admin\OneDrive\Documents\GitHub\Healthcare-Chatbot\backend\src\main\java\com\healthcare\aiassistant\controller\DoctorController.java
C:\Users\admin\OneDrive\Documents\GitHub\Healthcare-Chatbot\backend\src\main\java\com\healthcare\aiassistant\model\Appointment.java
C:\Users\admin\OneDrive\Documents\GitHub\Healthcare-Chatbot\backend\src\main\java\com\healthcare\aiassistant\model\AppointmentStatus.java
C:\Users\admin\OneDrive\Documents\GitHub\Healthcare-Chatbot\backend\src\main\java\com\healthcare\aiassistant\model\AuditLog.java
C:\Users\admin\OneDrive\Documents\GitHub\Healthcare-Chatbot\backend\src\main\java\com\healthcare\aiassistant\model\ChatMessage.java
C:\Users\admin\OneDrive\Documents\GitHub\Healthcare-Chatbot\backend\src\main\java\com\healthcare\aiassistant\model\Doctor.java
C:\Users\admin\OneDrive\Documents\GitHub\Healthcare-Chatbot\backend\src\main\java\com\healthcare\aiassistant\model\ERole.java
C:\Users\admin\OneDrive\Documents\GitHub\Healthcare-Chatbot\backend\src\main\java\com\healthcare\aiassistant\model\HealthMetric.java
C:\Users\admin\OneDrive\Documents\GitHub\Healthcare-Chatbot\backend\src\main\java\com\healthcare\aiassistant\model\HealthMetricType.java
C:\Users\admin\OneDrive\Documents\GitHub\Healthcare-Chatbot\backend\src\main\java\com\healthcare\aiassistant\model\Role.java
C:\Users\admin\OneDrive\Documents\GitHub\Healthcare-Chatbot\backend\src\main\java\com\healthcare\aiassistant\model\SystemSetting.java
C:\Users\admin\OneDrive\Documents\GitHub\Healthcare-Chatbot\backend\src\main\java\com\healthcare\aiassistant\model\User.java
C:\Users\admin\OneDrive\Documents\GitHub\Healthcare-Chatbot\backend\src\main\java\com\healthcare\aiassistant\payload\openai\OpenAiMessage.java
C:\Users\admin\OneDrive\Documents\GitHub\Healthcare-Chatbot\backend\src\main\java\com\healthcare\aiassistant\payload\openai\OpenAiRequest.java
C:\Users\admin\OneDrive\Documents\GitHub\Healthcare-Chatbot\backend\src\main\java\com\healthcare\aiassistant\payload\openai\OpenAiResponse.java
C:\Users\admin\OneDrive\Documents\GitHub\Healthcare-Chatbot\backend\src\main\java\com\healthcare\aiassistant\payload\request\AppointmentRequest.java
C:\Users\admin\OneDrive\Documents\GitHub\Healthcare-Chatbot\backend\src\main\java\com\healthcare\aiassistant\payload\request\ChatRequest.java
C:\Users\admin\OneDrive\Documents\GitHub\Healthcare-Chatbot\backend\src\main\java\com\healthcare\aiassistant\payload\request\LoginRequest.java
C:\Users\admin\OneDrive\Documents\GitHub\Healthcare-Chatbot\backend\src\main\java\com\healthcare\aiassistant\payload\request\SignupRequest.java
C:\Users\admin\OneDrive\Documents\GitHub\Healthcare-Chatbot\backend\src\main\java\com\healthcare\aiassistant\payload\response\JwtResponse.java
C:\Users\admin\OneDrive\Documents\GitHub\Healthcare-Chatbot\backend\src\main\java\com\healthcare\aiassistant\payload\response\MessageResponse.java
C:\Users\admin\OneDrive\Documents\GitHub\Healthcare-Chatbot\backend\src\main\java\com\healthcare\aiassistant\repository\AppointmentRepository.java
C:\Users\admin\OneDrive\Documents\GitHub\Healthcare-Chatbot\backend\src\main\java\com\healthcare\aiassistant\repository\AuditLogRepository.java
C:\Users\admin\OneDrive\Documents\GitHub\Healthcare-Chatbot\backend\src\main\java\com\healthcare\aiassistant\repository\ChatMessageRepository.java
C:\Users\admin\OneDrive\Documents\GitHub\Healthcare-Chatbot\backend\src\main\java\com\healthcare\aiassistant\repository\DoctorRepository.java
C:\Users\admin\OneDrive\Documents\GitHub\Healthcare-Chatbot\backend\src\main\java\com\healthcare\aiassistant\repository\HealthMetricRepository.java
C:\Users\admin\OneDrive\Documents\GitHub\Healthcare-Chatbot\backend\src\main\java\com\healthcare\aiassistant\repository\RoleRepository.java
C:\Users\admin\OneDrive\Documents\GitHub\Healthcare-Chatbot\backend\src\main\java\com\healthcare\aiassistant\repository\SystemSettingRepository.java
C:\Users\admin\OneDrive\Documents\GitHub\Healthcare-Chatbot\backend\src\main\java\com\healthcare\aiassistant\repository\UserRepository.java
C:\Users\admin\OneDrive\Documents\GitHub\Healthcare-Chatbot\backend\src\main\java\com\healthcare\aiassistant\security\advice\GlobalExceptionHandler.java
C:\Users\admin\OneDrive\Documents\GitHub\Healthcare-Chatbot\backend\src\main\java\com\healthcare\aiassistant\security\config\HealthcareProperties.java
C:\Users\admin\OneDrive\Documents\GitHub\Healthcare-Chatbot\backend\src\main\java\com\healthcare\aiassistant\security\config\OpenAiProperties.java
C:\Users\admin\OneDrive\Documents\GitHub\Healthcare-Chatbot\backend\src\main\java\com\healthcare\aiassistant\security\jwt\AuthEntryPointJwt.java
C:\Users\admin\OneDrive\Documents\GitHub\Healthcare-Chatbot\backend\src\main\java\com\healthcare\aiassistant\security\jwt\AuthTokenFilter.java
C:\Users\admin\OneDrive\Documents\GitHub\Healthcare-Chatbot\backend\src\main\java\com\healthcare\aiassistant\security\jwt\JwtUtils.java
C:\Users\admin\OneDrive\Documents\GitHub\Healthcare-Chatbot\backend\src\main\java\com\healthcare\aiassistant\security\services\UserDetailsImpl.java
C:\Users\admin\OneDrive\Documents\GitHub\Healthcare-Chatbot\backend\src\main\java\com\healthcare\aiassistant\security\services\UserDetailsServiceImpl.java
C:\Users\admin\OneDrive\Documents\GitHub\Healthcare-Chatbot\backend\src\main\java\com\healthcare\aiassistant\security\WebSecurityConfig.java
C:\Users\admin\OneDrive\Documents\GitHub\Healthcare-Chatbot\backend\src\main\java\com\healthcare\aiassistant\service\AiChatService.java
C:\Users\admin\OneDrive\Documents\GitHub\Healthcare-Chatbot\backend\src\main\java\com\healthcare\aiassistant\service\AppointmentService.java
C:\Users\admin\OneDrive\Documents\GitHub\Healthcare-Chatbot\backend\src\main\java\com\healthcare\aiassistant\service\ChatService.java
C:\Users\admin\OneDrive\Documents\GitHub\Healthcare-Chatbot\backend\src\main\java\com\healthcare\aiassistant\util\DataSeeder.java
C:\Users\admin\OneDrive\Documents\GitHub\Healthcare-Chatbot\backend\src\main\java\com\healthcare\aiassistant\util\UserInspector.java
